#! /c/Source/iverilog-install/bin/vvp
:ivl_version "14.0 (devel)";
:ivl_delay_selection "TYPICAL";
:vpi_time_precision - 12;
:vpi_module "C:\iverilog\lib\ivl\system.vpi";
:vpi_module "C:\iverilog\lib\ivl\vhdl_sys.vpi";
:vpi_module "C:\iverilog\lib\ivl\vhdl_textio.vpi";
:vpi_module "C:\iverilog\lib\ivl\v2005_math.vpi";
:vpi_module "C:\iverilog\lib\ivl\va_math.vpi";
S_000001FA728EEDE0 .scope module, "MDC_tb" "MDC_tb" 2 3;
 .timescale -9 -12;
v000001FA7292A6F0_0 .net "MDC", 0 0, v000001FA728EF180_0;  1 drivers
v000001FA7292A790_0 .var "clk", 0 0;
v000001FA7292A830_0 .var "rst_n", 0 0;
S_000001FA728EEF70 .scope module, "dut" "MDC" 2 11, 3 1 0, S_000001FA728EEDE0;
 .timescale -9 -12;
    .port_info 0 /INPUT 1 "rst_n";
    .port_info 1 /INPUT 1 "clk";
    .port_info 2 /OUTPUT 1 "MDC";
P_000001FA728EF100 .param/l "CLK_HZ" 0 3 2, +C4<00000001011111010111100001000000>;
P_000001FA728EF138 .param/l "MDC_HZ" 0 3 3, +C4<00000000001001100010010110100000>;
v000001FA728EF180_0 .var "MDC", 0 0;
v000001FA728EF620_0 .net "clk", 0 0, v000001FA7292A790_0;  1 drivers
v000001FA728EF6C0_0 .var "counter", 3 0;
v000001FA7292A650_0 .net "rst_n", 0 0, v000001FA7292A830_0;  1 drivers
E_000001FA72918A60 .event negedge, v000001FA728EF620_0;
    .scope S_000001FA728EEF70;
T_0 ;
    %wait E_000001FA72918A60;
    %load/vec4 v000001FA7292A650_0;
    %nor/r;
    %flag_set/vec4 8;
    %jmp/0xz  T_0.0, 8;
    %pushi/vec4 0, 0, 1;
    %assign/vec4 v000001FA728EF180_0, 0;
    %pushi/vec4 0, 0, 4;
    %assign/vec4 v000001FA728EF6C0_0, 0;
    %jmp T_0.1;
T_0.0 ;
    %load/vec4 v000001FA728EF6C0_0;
    %pad/u 32;
    %cmpi/e 4, 0, 32;
    %jmp/0xz  T_0.2, 4;
    %load/vec4 v000001FA728EF180_0;
    %nor/r;
    %assign/vec4 v000001FA728EF180_0, 0;
    %pushi/vec4 0, 0, 4;
    %assign/vec4 v000001FA728EF6C0_0, 0;
    %jmp T_0.3;
T_0.2 ;
    %load/vec4 v000001FA728EF6C0_0;
    %addi 1, 0, 4;
    %assign/vec4 v000001FA728EF6C0_0, 0;
T_0.3 ;
T_0.1 ;
    %jmp T_0;
    .thread T_0;
    .scope S_000001FA728EEDE0;
T_1 ;
    %pushi/vec4 0, 0, 1;
    %store/vec4 v000001FA7292A790_0, 0, 1;
    %pushi/vec4 0, 0, 1;
    %store/vec4 v000001FA7292A830_0, 0, 1;
    %end;
    .thread T_1;
    .scope S_000001FA728EEDE0;
T_2 ;
    %delay 20000, 0;
    %load/vec4 v000001FA7292A790_0;
    %inv;
    %store/vec4 v000001FA7292A790_0, 0, 1;
    %jmp T_2;
    .thread T_2;
    .scope S_000001FA728EEDE0;
T_3 ;
    %vpi_call 2 18 "$dumpfile", "dump.fst" {0 0 0};
    %vpi_call 2 19 "$dumpvars", 32'sb00000000000000000000000000000000, S_000001FA728EEDE0 {0 0 0};
    %delay 100000, 0;
    %pushi/vec4 1, 0, 1;
    %store/vec4 v000001FA7292A830_0, 0, 1;
    %delay 10000000, 0;
    %vpi_call 2 22 "$finish" {0 0 0};
    %end;
    .thread T_3;
# The file index is used to find the file name in the following table.
:file_names 4;
    "N/A";
    "<interactive>";
    "testbenches/MDC_tb.v";
    "src/MDC.v";
