
*** Running vivado
    with args -log top.vds -m64 -product Vivado -mode batch -messageDb vivado.pb -notrace -source top.tcl



****** Vivado v2025.2 (64-bit)
  **** SW Build 6299465 on Fri Nov 14 19:35:11 GMT 2025
  **** IP Build 6300035 on Fri Nov 14 10:48:45 MST 2025
  **** SharedData Build 6298862 on Thu Nov 13 04:50:51 MST 2025
  **** Start of session at: Fri Sep 11 00:37:13 2026
    ** Copyright 1986-2022 Xilinx, Inc. All Rights Reserved.
    ** Copyright 2022-2025 Advanced Micro Devices, Inc. All Rights Reserved.

source top.tcl -notrace
Command: read_checkpoint -auto_incremental -incremental C:/Users/garwo/Dev/EthernetStack/EthernetStack/EthernetStack.srcs/utils_1/imports/synth_1/top.dcp
INFO: [Vivado 12-5825] Read reference checkpoint from C:/Users/garwo/Dev/EthernetStack/EthernetStack/EthernetStack.srcs/utils_1/imports/synth_1/top.dcp for incremental synthesis
INFO: [Vivado 12-7989] Please ensure there are no constraint changes
Command: synth_design -top top -part xc7a35tfgg484-2
Starting synth_design
Attempting to get a license for feature 'Synthesis' and/or device 'xc7a35t'
INFO: [Common 17-349] Got license for feature 'Synthesis' and/or device 'xc7a35t'
INFO: [Device 21-403] Loading part xc7a35tfgg484-2
INFO: [Designutils 20-5440] No compile time benefit to using incremental synthesis; A full resynthesis will be run
INFO: [Designutils 20-4379] Flow is switching to default flow due to incremental criteria not met. If you would like to alter this behaviour and have the flow terminate instead, please set the following parameter config_implementation {autoIncr.Synth.RejectBehavior Terminate}
INFO: [Synth 8-7079] Multithreading enabled for synth_design using a maximum of 2 processes.
INFO: [Synth 8-7078] Launching helper process for spawning children vivado processes
INFO: [Synth 8-7075] Helper process launched with PID 20344
---------------------------------------------------------------------------------
Starting RTL Elaboration : Time (s): cpu = 00:00:03 ; elapsed = 00:00:03 . Memory (MB): peak = 1276.133 ; gain = 541.645
---------------------------------------------------------------------------------
WARNING: [Synth 8-9397] empty parameter declaration is only allowed in SystemVerilog mode [C:/Users/garwo/Dev/EthernetStack/EthernetStack/EthernetStack.srcs/sources_1/imports/src/MDIO.v:3]
INFO: [Synth 8-6157] synthesizing module 'top' [C:/Users/garwo/Dev/EthernetStack/EthernetStack/EthernetStack.srcs/sources_1/imports/src/top.v:5]
INFO: [Synth 8-6157] synthesizing module 'clk_wiz_0' [C:/Users/garwo/Dev/EthernetStack/EthernetStack/EthernetStack.runs/synth_1/.Xil/Vivado-8932-LAPTOP-PW0NGYLL/realtime/clk_wiz_0_stub.v:6]
INFO: [Synth 8-6155] done synthesizing module 'clk_wiz_0' (0#1) [C:/Users/garwo/Dev/EthernetStack/EthernetStack/EthernetStack.runs/synth_1/.Xil/Vivado-8932-LAPTOP-PW0NGYLL/realtime/clk_wiz_0_stub.v:6]
INFO: [Synth 8-6157] synthesizing module 'PHY_INIT' [C:/Users/garwo/Dev/EthernetStack/EthernetStack/EthernetStack.srcs/sources_1/imports/src/PHY_INIT.v:1]
INFO: [Synth 8-6155] done synthesizing module 'PHY_INIT' (0#1) [C:/Users/garwo/Dev/EthernetStack/EthernetStack/EthernetStack.srcs/sources_1/imports/src/PHY_INIT.v:1]
INFO: [Synth 8-6157] synthesizing module 'MDIO_master' [C:/Users/garwo/Dev/EthernetStack/EthernetStack/EthernetStack.srcs/sources_1/imports/src/MDIO_master.v:4]
INFO: [Synth 8-6157] synthesizing module 'MDC' [C:/Users/garwo/Dev/EthernetStack/EthernetStack/EthernetStack.srcs/sources_1/imports/src/MDC.v:1]
INFO: [Synth 8-6155] done synthesizing module 'MDC' (0#1) [C:/Users/garwo/Dev/EthernetStack/EthernetStack/EthernetStack.srcs/sources_1/imports/src/MDC.v:1]
INFO: [Synth 8-6157] synthesizing module 'MDIO' [C:/Users/garwo/Dev/EthernetStack/EthernetStack/EthernetStack.srcs/sources_1/imports/src/MDIO.v:3]
INFO: [Synth 8-6157] synthesizing module 'tristate' [C:/Users/garwo/Dev/EthernetStack/EthernetStack/EthernetStack.srcs/sources_1/imports/src/tristate.v:1]
INFO: [Synth 8-6155] done synthesizing module 'tristate' (0#1) [C:/Users/garwo/Dev/EthernetStack/EthernetStack/EthernetStack.srcs/sources_1/imports/src/tristate.v:1]
INFO: [Synth 8-6157] synthesizing module 'synchroniser' [C:/Users/garwo/Dev/EthernetStack/EthernetStack/EthernetStack.srcs/sources_1/imports/src/synchroniser.v:3]
INFO: [Synth 8-6155] done synthesizing module 'synchroniser' (0#1) [C:/Users/garwo/Dev/EthernetStack/EthernetStack/EthernetStack.srcs/sources_1/imports/src/synchroniser.v:3]
INFO: [Synth 8-6155] done synthesizing module 'MDIO' (0#1) [C:/Users/garwo/Dev/EthernetStack/EthernetStack/EthernetStack.srcs/sources_1/imports/src/MDIO.v:3]
INFO: [Synth 8-6155] done synthesizing module 'MDIO_master' (0#1) [C:/Users/garwo/Dev/EthernetStack/EthernetStack/EthernetStack.srcs/sources_1/imports/src/MDIO_master.v:4]
INFO: [Synth 8-6155] done synthesizing module 'top' (0#1) [C:/Users/garwo/Dev/EthernetStack/EthernetStack/EthernetStack.srcs/sources_1/imports/src/top.v:5]
INFO: [Synth 8-6071] Mark debug on the nets applies keep_hierarchy on instance 'mdio'. This will prevent further optimization [C:/Users/garwo/Dev/EthernetStack/EthernetStack/EthernetStack.srcs/sources_1/imports/src/MDIO_master.v:28]
INFO: [Synth 8-6071] Mark debug on the nets applies keep_hierarchy on instance 'tristate'. This will prevent further optimization [C:/Users/garwo/Dev/EthernetStack/EthernetStack/EthernetStack.srcs/sources_1/imports/src/MDIO.v:40]
INFO: [Synth 8-6071] Mark debug on the nets applies keep_hierarchy on instance 'receive_sync'. This will prevent further optimization [C:/Users/garwo/Dev/EthernetStack/EthernetStack/EthernetStack.srcs/sources_1/imports/src/MDIO.v:47]
---------------------------------------------------------------------------------
Finished RTL Elaboration : Time (s): cpu = 00:00:04 ; elapsed = 00:00:05 . Memory (MB): peak = 1397.492 ; gain = 663.004
---------------------------------------------------------------------------------
---------------------------------------------------------------------------------
Start Handling Custom Attributes
---------------------------------------------------------------------------------
---------------------------------------------------------------------------------
Finished Handling Custom Attributes : Time (s): cpu = 00:00:04 ; elapsed = 00:00:05 . Memory (MB): peak = 1397.492 ; gain = 663.004
---------------------------------------------------------------------------------
---------------------------------------------------------------------------------
Finished RTL Optimization Phase 1 : Time (s): cpu = 00:00:04 ; elapsed = 00:00:05 . Memory (MB): peak = 1397.492 ; gain = 663.004
---------------------------------------------------------------------------------
Netlist sorting complete. Time (s): cpu = 00:00:00 ; elapsed = 00:00:00.003 . Memory (MB): peak = 1397.492 ; gain = 0.000
INFO: [Project 1-570] Preparing netlist for logic optimization

Processing XDC Constraints
Initializing timing engine
Parsing XDC File [c:/Users/garwo/Dev/EthernetStack/EthernetStack/EthernetStack.gen/sources_1/ip/clk_wiz_0/clk_wiz_0/clk_wiz_0_in_context.xdc] for cell 'clk_wiz'
Finished Parsing XDC File [c:/Users/garwo/Dev/EthernetStack/EthernetStack/EthernetStack.gen/sources_1/ip/clk_wiz_0/clk_wiz_0/clk_wiz_0_in_context.xdc] for cell 'clk_wiz'
Parsing XDC File [C:/Users/garwo/Dev/EthernetStack/EthernetStack/EthernetStack.srcs/constrs_1/imports/constraints/constraints.xdc]
WARNING: [Constraints 18-619] A clock with name 'sys_clk_p' already exists, overwriting the previous clock with the same name. [C:/Users/garwo/Dev/EthernetStack/EthernetStack/EthernetStack.srcs/constrs_1/imports/constraints/constraints.xdc:9]
Finished Parsing XDC File [C:/Users/garwo/Dev/EthernetStack/EthernetStack/EthernetStack.srcs/constrs_1/imports/constraints/constraints.xdc]
INFO: [Project 1-236] Implementation specific constraints were found while reading constraint file [C:/Users/garwo/Dev/EthernetStack/EthernetStack/EthernetStack.srcs/constrs_1/imports/constraints/constraints.xdc]. These constraints will be ignored for synthesis but will be used in implementation. Impacted constraints are listed in the file [.Xil/top_propImpl.xdc].
Resolution: To avoid this warning, move constraints listed in [.Xil/top_propImpl.xdc] to another XDC file and exclude this new file from synthesis with the used_in_synthesis property (File Properties dialog in GUI) and re-run elaboration/synthesis.
Completed Processing XDC Constraints

Netlist sorting complete. Time (s): cpu = 00:00:00 ; elapsed = 00:00:00.001 . Memory (MB): peak = 1475.141 ; gain = 0.000
INFO: [Project 1-111] Unisim Transformation Summary:
No Unisim elements were transformed.

Constraint Validation Runtime : Time (s): cpu = 00:00:00 ; elapsed = 00:00:00.005 . Memory (MB): peak = 1475.141 ; gain = 0.000
INFO: [Designutils 20-5440] No compile time benefit to using incremental synthesis; A full resynthesis will be run
INFO: [Designutils 20-4379] Flow is switching to default flow due to incremental criteria not met. If you would like to alter this behaviour and have the flow terminate instead, please set the following parameter config_implementation {autoIncr.Synth.RejectBehavior Terminate}
---------------------------------------------------------------------------------
Finished Constraint Validation : Time (s): cpu = 00:00:09 ; elapsed = 00:00:10 . Memory (MB): peak = 1475.141 ; gain = 740.652
---------------------------------------------------------------------------------
---------------------------------------------------------------------------------
Start Loading Part and Timing Information
---------------------------------------------------------------------------------
Loading part: xc7a35tfgg484-2
---------------------------------------------------------------------------------
Finished Loading Part and Timing Information : Time (s): cpu = 00:00:09 ; elapsed = 00:00:10 . Memory (MB): peak = 1475.141 ; gain = 740.652
---------------------------------------------------------------------------------
---------------------------------------------------------------------------------
Start Applying 'set_property' XDC Constraints
---------------------------------------------------------------------------------
---------------------------------------------------------------------------------
Finished applying 'set_property' XDC Constraints : Time (s): cpu = 00:00:09 ; elapsed = 00:00:10 . Memory (MB): peak = 1475.141 ; gain = 740.652
---------------------------------------------------------------------------------
INFO: [Synth 8-802] inferred FSM for state register 'state_reg' in module 'MDIO'
INFO: [Synth 8-6159] Found Keep on FSM register 'state_reg' in module 'MDIO', re-encoding will not be performed
---------------------------------------------------------------------------------------------------
                   State |                     New Encoding |                Previous Encoding 
---------------------------------------------------------------------------------------------------
*
                  iSTATE |                           000001 |                           000001
                 iSTATE0 |                           000010 |                           000010
                 iSTATE1 |                           000100 |                           000100
                 iSTATE2 |                           001000 |                           001000
                 iSTATE3 |                           010000 |                           010000
                 iSTATE4 |                           100000 |                           100000
---------------------------------------------------------------------------------------------------
---------------------------------------------------------------------------------
Finished RTL Optimization Phase 2 : Time (s): cpu = 00:00:10 ; elapsed = 00:00:10 . Memory (MB): peak = 1475.141 ; gain = 740.652
---------------------------------------------------------------------------------
---------------------------------------------------------------------------------
Start RTL Component Statistics 
---------------------------------------------------------------------------------
Detailed RTL Component Info : 
+---Adders : 
	   2 Input   32 Bit       Adders := 1     
	   2 Input    8 Bit       Adders := 1     
	   2 Input    4 Bit       Adders := 1     
+---Registers : 
	               64 Bit    Registers := 1     
	               32 Bit    Registers := 2     
	               16 Bit    Registers := 2     
	                8 Bit    Registers := 1     
	                4 Bit    Registers := 1     
	                1 Bit    Registers := 10    
+---Muxes : 
	   2 Input   32 Bit        Muxes := 1     
	   7 Input    6 Bit        Muxes := 1     
	   2 Input    6 Bit        Muxes := 5     
	   2 Input    1 Bit        Muxes := 2     
	   7 Input    1 Bit        Muxes := 2     
---------------------------------------------------------------------------------
Finished RTL Component Statistics 
---------------------------------------------------------------------------------
---------------------------------------------------------------------------------
Start Part Resource Summary
---------------------------------------------------------------------------------
Part Resources:
DSPs: 90 (col length:60)
BRAMs: 100 (col length: RAMB18 60 RAMB36 30)
---------------------------------------------------------------------------------
Finished Part Resource Summary
---------------------------------------------------------------------------------
---------------------------------------------------------------------------------
Start Cross Boundary and Area Optimization
---------------------------------------------------------------------------------
---------------------------------------------------------------------------------
Finished Cross Boundary and Area Optimization : Time (s): cpu = 00:00:11 ; elapsed = 00:00:12 . Memory (MB): peak = 1475.141 ; gain = 740.652
---------------------------------------------------------------------------------
---------------------------------------------------------------------------------
Start Applying XDC Timing Constraints
---------------------------------------------------------------------------------
WARNING: [Synth 8-565] redefining clock 'sys_clk_p'
---------------------------------------------------------------------------------
Finished Applying XDC Timing Constraints : Time (s): cpu = 00:00:15 ; elapsed = 00:00:16 . Memory (MB): peak = 1587.664 ; gain = 853.176
---------------------------------------------------------------------------------
---------------------------------------------------------------------------------
Start Timing Optimization
---------------------------------------------------------------------------------
---------------------------------------------------------------------------------
Finished Timing Optimization : Time (s): cpu = 00:00:15 ; elapsed = 00:00:16 . Memory (MB): peak = 1617.441 ; gain = 882.953
---------------------------------------------------------------------------------
---------------------------------------------------------------------------------
Start Technology Mapping
---------------------------------------------------------------------------------
---------------------------------------------------------------------------------
Finished Technology Mapping : Time (s): cpu = 00:00:15 ; elapsed = 00:00:16 . Memory (MB): peak = 1617.441 ; gain = 882.953
---------------------------------------------------------------------------------
---------------------------------------------------------------------------------
Start IO Insertion
---------------------------------------------------------------------------------
---------------------------------------------------------------------------------
Start Flattening Before IO Insertion
---------------------------------------------------------------------------------
---------------------------------------------------------------------------------
Finished Flattening Before IO Insertion
---------------------------------------------------------------------------------
---------------------------------------------------------------------------------
Start Final Netlist Cleanup
---------------------------------------------------------------------------------
---------------------------------------------------------------------------------
Finished Final Netlist Cleanup
---------------------------------------------------------------------------------
---------------------------------------------------------------------------------
Finished IO Insertion : Time (s): cpu = 00:00:18 ; elapsed = 00:00:18 . Memory (MB): peak = 1847.672 ; gain = 1113.184
---------------------------------------------------------------------------------
---------------------------------------------------------------------------------
Start Renaming Generated Instances
---------------------------------------------------------------------------------
---------------------------------------------------------------------------------
Finished Renaming Generated Instances : Time (s): cpu = 00:00:18 ; elapsed = 00:00:18 . Memory (MB): peak = 1847.672 ; gain = 1113.184
---------------------------------------------------------------------------------
---------------------------------------------------------------------------------
Start Rebuilding User Hierarchy
---------------------------------------------------------------------------------
---------------------------------------------------------------------------------
Finished Rebuilding User Hierarchy : Time (s): cpu = 00:00:18 ; elapsed = 00:00:18 . Memory (MB): peak = 1847.672 ; gain = 1113.184
---------------------------------------------------------------------------------
---------------------------------------------------------------------------------
Start Renaming Generated Ports
---------------------------------------------------------------------------------
---------------------------------------------------------------------------------
Finished Renaming Generated Ports : Time (s): cpu = 00:00:18 ; elapsed = 00:00:18 . Memory (MB): peak = 1847.672 ; gain = 1113.184
---------------------------------------------------------------------------------
---------------------------------------------------------------------------------
Start Handling Custom Attributes
---------------------------------------------------------------------------------
---------------------------------------------------------------------------------
Finished Handling Custom Attributes : Time (s): cpu = 00:00:18 ; elapsed = 00:00:18 . Memory (MB): peak = 1847.672 ; gain = 1113.184
---------------------------------------------------------------------------------
---------------------------------------------------------------------------------
Start Renaming Generated Nets
---------------------------------------------------------------------------------
---------------------------------------------------------------------------------
Finished Renaming Generated Nets : Time (s): cpu = 00:00:18 ; elapsed = 00:00:18 . Memory (MB): peak = 1847.672 ; gain = 1113.184
---------------------------------------------------------------------------------
---------------------------------------------------------------------------------
Start Writing Synthesis Report
---------------------------------------------------------------------------------

Report BlackBoxes: 
+------+--------------+----------+
|      |BlackBox name |Instances |
+------+--------------+----------+
|1     |clk_wiz_0     |         1|
+------+--------------+----------+

Report Cell Usage: 
+------+--------+------+
|      |Cell    |Count |
+------+--------+------+
|1     |clk_wiz |     1|
|2     |CARRY4  |    13|
|3     |LUT1    |     7|
|4     |LUT2    |    54|
|5     |LUT3    |    22|
|6     |LUT4    |    20|
|7     |LUT5    |    50|
|8     |LUT6    |    33|
|9     |FDRE    |    79|
|10    |FDSE    |    81|
|11    |IBUF    |     1|
|12    |IOBUF   |     1|
|13    |OBUF    |     2|
+------+--------+------+
---------------------------------------------------------------------------------
Finished Writing Synthesis Report : Time (s): cpu = 00:00:18 ; elapsed = 00:00:18 . Memory (MB): peak = 1847.672 ; gain = 1113.184
---------------------------------------------------------------------------------
Synthesis finished with 0 errors, 0 critical warnings and 1 warnings.
Synthesis Optimization Runtime : Time (s): cpu = 00:00:12 ; elapsed = 00:00:17 . Memory (MB): peak = 1847.672 ; gain = 1035.535
Synthesis Optimization Complete : Time (s): cpu = 00:00:18 ; elapsed = 00:00:18 . Memory (MB): peak = 1847.672 ; gain = 1113.184
INFO: [Project 1-571] Translating synthesized netlist
Netlist sorting complete. Time (s): cpu = 00:00:00 ; elapsed = 00:00:00.002 . Memory (MB): peak = 1849.535 ; gain = 0.000
INFO: [Netlist 29-17] Analyzing 14 Unisim elements for replacement
INFO: [Netlist 29-28] Unisim Transformation completed in 0 CPU seconds
INFO: [Project 1-570] Preparing netlist for logic optimization
INFO: [Opt 31-138] Pushed 0 inverter(s) to 0 load pin(s).
Netlist sorting complete. Time (s): cpu = 00:00:00 ; elapsed = 00:00:00 . Memory (MB): peak = 1853.191 ; gain = 0.000
INFO: [Project 1-111] Unisim Transformation Summary:
  A total of 1 instances were transformed.
  IOBUF => IOBUF (IBUF, OBUFT): 1 instance 

Synth Design complete | Checksum: bd69e435
INFO: [Common 17-83] Releasing license: Synthesis
42 Infos, 3 Warnings, 0 Critical Warnings and 0 Errors encountered.
synth_design completed successfully
synth_design: Time (s): cpu = 00:00:20 ; elapsed = 00:00:22 . Memory (MB): peak = 1853.191 ; gain = 1307.348
Write ShapeDB Complete: Time (s): cpu = 00:00:00 ; elapsed = 00:00:00.001 . Memory (MB): peak = 1853.191 ; gain = 0.000
INFO: [Common 17-1381] The checkpoint 'C:/Users/garwo/Dev/EthernetStack/EthernetStack/EthernetStack.runs/synth_1/top.dcp' has been generated.
INFO: [Vivado 12-24828] Executing command : report_utilization -file top_utilization_synth.rpt -pb top_utilization_synth.pb
INFO: [Common 17-206] Exiting Vivado at Fri Sep 11 00:37:43 2026...
