Copyright 1986-2022 Xilinx, Inc. All Rights Reserved. Copyright 2022-2025 Advanced Micro Devices, Inc. All Rights Reserved.
-----------------------------------------------------------------------------------------------------------------------------------------------
| Tool Version : Vivado v.2025.2 (win64) Build 6299465 Fri Nov 14 19:35:11 GMT 2025
| Date         : Thu Sep 10 06:52:05 2026
| Host         : LAPTOP-PW0NGYLL running 64-bit major release  (build 9200)
| Command      : report_methodology -file top_methodology_drc_routed.rpt -pb top_methodology_drc_routed.pb -rpx top_methodology_drc_routed.rpx
| Design       : top
| Device       : xc7a35tfgg484-2
| Speed File   : -2
| Design State : Fully Routed
-----------------------------------------------------------------------------------------------------------------------------------------------

Report Methodology

Table of Contents
-----------------
1. REPORT SUMMARY
2. REPORT DETAILS

1. REPORT SUMMARY
-----------------
            Netlist: netlist
          Floorplan: design_1
      Design limits: <entire design considered>
             Max checks: <unlimited>
             Checks found: 2
+--------+----------+--------------------------------------------------------+--------+
| Rule   | Severity | Description                                            | Checks |
+--------+----------+--------------------------------------------------------+--------+
| XDCC-1 | Warning  | Scoped Clock constraint overwritten with the same name | 1      |
| XDCC-7 | Warning  | Scoped Clock constraint overwritten on the same source | 1      |
+--------+----------+--------------------------------------------------------+--------+

2. REPORT DETAILS
-----------------
XDCC-1#1 Warning
Scoped Clock constraint overwritten with the same name  
A new clock constraint create_clock overrides a previous scoped clock constraint with the same name. It is not recommended to override a scoped (typically an IP) clock constraint and could result in unexpected behaviors.
New: create_clock -period 5.000 [get_ports sys_clk_p] (Source: C:/Users/garwo/Dev/EthernetStack/EthernetStack/EthernetStack.srcs/constrs_1/imports/constraints/constraints.xdc (Line: 9))
Previous: create_clock -period 5.000 [get_ports sys_clk_p] (Source: c:/Users/garwo/Dev/EthernetStack/EthernetStack/EthernetStack.gen/sources_1/ip/clk_wiz_0/clk_wiz_0.xdc (Line: 53))
Related violations: <none>

XDCC-7#1 Warning
Scoped Clock constraint overwritten on the same source  
A new clock constraint create_clock overrides a previous scoped clock constraint defined on the same source. It is not recommended to override a scoped (typically an IP) clock constraint and could result in unexpected behaviors.
New: create_clock -period 5.000 [get_ports sys_clk_p] (Source: C:/Users/garwo/Dev/EthernetStack/EthernetStack/EthernetStack.srcs/constrs_1/imports/constraints/constraints.xdc (Line: 9))
Previous: create_clock -period 5.000 [get_ports sys_clk_p] (Source: c:/Users/garwo/Dev/EthernetStack/EthernetStack/EthernetStack.gen/sources_1/ip/clk_wiz_0/clk_wiz_0.xdc (Line: 53))
Related violations: <none>


