Copyright 1986-2022 Xilinx, Inc. All Rights Reserved. Copyright 2022-2025 Advanced Micro Devices, Inc. All Rights Reserved.
---------------------------------------------------------------------------------------------------------------------------------------------
| Tool Version : Vivado v.2025.2 (win64) Build 6299465 Fri Nov 14 19:35:11 GMT 2025
| Date         : Thu Sep 10 06:51:50 2026
| Host         : LAPTOP-PW0NGYLL running 64-bit major release  (build 9200)
| Command      : report_control_sets -verbose -file top_control_sets_placed.rpt
| Design       : top
| Device       : xc7a35t
---------------------------------------------------------------------------------------------------------------------------------------------

Control Set Information

Table of Contents
-----------------
1. Summary
2. Histogram
3. Flip-Flop Distribution
4. Detailed Control Set Information

1. Summary
----------

+----------------------------------------------------------+-------+
|                          Status                          | Count |
+----------------------------------------------------------+-------+
| Total control sets                                       |    11 |
|    Minimum number of control sets                        |    11 |
|    Addition due to synthesis replication                 |     0 |
|    Addition due to physical synthesis replication        |     0 |
| Unused register locations in slices containing registers |    32 |
+----------------------------------------------------------+-------+
* Control sets can be merged at opt_design using control_set_merge or merge_equivalent_drivers
** Run report_qor_suggestions for automated merging and remapping suggestions


2. Histogram
------------

+--------------------+-------+
|       Fanout       | Count |
+--------------------+-------+
| Total control sets |    11 |
| >= 0 to < 4        |     3 |
| >= 4 to < 6        |     2 |
| >= 6 to < 8        |     0 |
| >= 8 to < 10       |     1 |
| >= 10 to < 12      |     0 |
| >= 12 to < 14      |     0 |
| >= 14 to < 16      |     0 |
| >= 16              |     5 |
+--------------------+-------+
* Control sets can be remapped at either synth_design or opt_design


3. Flip-Flop Distribution
-------------------------

+--------------+-----------------------+------------------------+-----------------+--------------+
| Clock Enable | Synchronous Set/Reset | Asynchronous Set/Reset | Total Registers | Total Slices |
+--------------+-----------------------+------------------------+-----------------+--------------+
| No           | No                    | No                     |               3 |            3 |
| No           | No                    | Yes                    |               0 |            0 |
| No           | Yes                   | No                     |              41 |           14 |
| Yes          | No                    | No                     |               0 |            0 |
| Yes          | No                    | Yes                    |               0 |            0 |
| Yes          | Yes                   | No                     |             116 |           39 |
+--------------+-----------------------+------------------------+-----------------+--------------+


4. Detailed Control Set Information
-----------------------------------

+------------------------+-------------------------------------+------------------------------------+------------------+----------------+--------------+
|      Clock Signal      |            Enable Signal            |          Set/Reset Signal          | Slice Load Count | Bel Load Count | Bels / Slice |
+------------------------+-------------------------------------+------------------------------------+------------------+----------------+--------------+
|  clk_wiz/inst/clk_out1 | phy_init/PHY_rst_n_i_2_n_0          | phy_init/clear                     |                1 |              1 |         1.00 |
| ~clk_wiz/inst/clk_out1 |                                     |                                    |                1 |              1 |         1.00 |
|  clk_wiz/inst/clk_out1 |                                     |                                    |                2 |              2 |         1.00 |
| ~clk_wiz/inst/clk_out1 |                                     | MDIO_master/mdc/counter[3]_i_1_n_0 |                1 |              4 |         4.00 |
|  clk_wiz/inst/clk_out1 |                                     | phy_init/rst_n                     |                3 |              5 |         1.67 |
|  clk_wiz/inst/clk_out1 | MDIO_master/mdio/counter[7]_i_1_n_0 | phy_init/rst_n                     |                5 |              8 |         1.60 |
|  clk_wiz/inst/clk_out1 | MDIO_master/mdio/buffer[0]          | phy_init/rst_n                     |                3 |             16 |         5.33 |
|  clk_wiz/inst/clk_out1 | phy_init/counter[0]_i_1__0_n_0      | phy_init/clear                     |                5 |             20 |         4.00 |
|  clk_wiz/inst/clk_out1 | MDIO_master/mdio/state_reg0         | phy_init/rst_n                     |               10 |             23 |         2.30 |
|  clk_wiz/inst/clk_out1 |                                     | phy_init/SR[0]                     |               10 |             32 |         3.20 |
|  clk_wiz/inst/clk_out1 | MDIO_master/mdio/ins[63]_i_1_n_0    | phy_init/rst_n                     |               15 |             48 |         3.20 |
+------------------------+-------------------------------------+------------------------------------+------------------+----------------+--------------+


